2026-04-22 20:59:05,960 - Unclosed client session
client_session: <aiohttp.client.ClientSession object at 0x000001C1BFDB6250>
2026-04-29 11:38:55,151 WARNING vcp_scanner.scanner \u2014 Failed on 472850 (폰드그룹): Invalid value '[1642.5 1662.5 1617.5 1651.  1597.5 1555.5 1617.5 1595.  1625.5 1611.5
 1510.5 1510.5 1493.5 1479.5 1521.5 1552.5 1595.  1595.  1699.  1707.5
 1690.5 1679.  1676.5 1687.5 1679.  1685.  1696.  1713.  1670.5 1704.5
 1783.5 1870.5 1963.5 1912.5 1865.  1884.5 1918.5 1997.  1957.5 1971.5
 2008.5 2166.  2219.5 2180.  2202.5 2396.5 2478.  2571.  2506.  2461.
 2340.5 2334.5 2728.5 2635.5 2602.  3156.  3128.  3322.  3246.  3206.5
 3235.  3232.  3288.5 3280.  3240.5 3398.  3432.  3367.  3339.  3173.
 3251.5 3513.5 3432.  3460.  3375.5 3510.5 3198.5 3204.  3319.  2973.
 2959.  2936.5 2908.5 2875.  2891.5 2824.  3111.  3012.5 2959.  2773.5
 2810.  2846.5 2931.  3046.5 3173.  3004.  2942.5 2953.5 3010.  2931.
 2844.  2756.5 2739.5 2818.5 2725.5 2692.  2655.5 2706.  2683.5 2630.
 2709.  2784.5 2891.5 2939.5 2956.5 3012.5 2979.  3029.5 3001.5 3122.5
 3066.  2979.  2981.5 2979.  2953.5 2824.  2759.5 2756.5 2689.  2649.5
 2678.  2666.5 2700.5 2588.  2613.  2506.  2545.5 2523.  2486.5 2523.
 2413.5 2419.  2408.  2416.  2453.  2422.  2371.  2239.  2315.  2320.5
 2270.  2264.5 2242.  2202.5 2261.5 2292.5 2292.5 2278.5 2281.  2222.
 2191.  2166.  2222.  2318.  2230.5 2284.  2301.  2281.  2306.5 2346.
 2408.  2393.5 2337.5 2444.5 2458.5 2936.5 2981.5 2891.5 2810.  2917.
 3015.5 2872.  2880.5 2886.  2830.  2824.  2821.5 2720.  4960. ]' for dtype 'int64'
2026-04-29 11:39:24,215 WARNING vcp_scanner.scanner \u2014 Failed on 012210 (삼미금속): Invalid value '[2.5000e+01 1.9075e+03 1.5000e+00 1.9535e+03 5.3655e+03 2.0195e+03
 6.0310e+03 0.0000e+00 0.0000e+00 0.0000e+00 0.0000e+00 0.0000e+00
 0.0000e+00 0.0000e+00 0.0000e+00 0.0000e+00 0.0000e+00 0.0000e+00
 0.0000e+00 0.0000e+00 0.0000e+00 0.0000e+00]' for dtype 'int64'
2026-04-29 18:02:38,239 WARNING vcp_scanner.scanner \u2014 Failed on 472850 (폰드그룹): Invalid value '[1642.5 1662.5 1617.5 1651.  1597.5 1555.5 1617.5 1595.  1625.5 1611.5
 1510.5 1510.5 1493.5 1479.5 1521.5 1552.5 1595.  1595.  1699.  1707.5
 1690.5 1679.  1676.5 1687.5 1679.  1685.  1696.  1713.  1670.5 1704.5
 1783.5 1870.5 1963.5 1912.5 1865.  1884.5 1918.5 1997.  1957.5 1971.5
 2008.5 2166.  2219.5 2180.  2202.5 2396.5 2478.  2571.  2506.  2461.
 2340.5 2334.5 2728.5 2635.5 2602.  3156.  3128.  3322.  3246.  3206.5
 3235.  3232.  3288.5 3280.  3240.5 3398.  3432.  3367.  3339.  3173.
 3251.5 3513.5 3432.  3460.  3375.5 3510.5 3198.5 3204.  3319.  2973.
 2959.  2936.5 2908.5 2875.  2891.5 2824.  3111.  3012.5 2959.  2773.5
 2810.  2846.5 2931.  3046.5 3173.  3004.  2942.5 2953.5 3010.  2931.
 2844.  2756.5 2739.5 2818.5 2725.5 2692.  2655.5 2706.  2683.5 2630.
 2709.  2784.5 2891.5 2939.5 2956.5 3012.5 2979.  3029.5 3001.5 3122.5
 3066.  2979.  2981.5 2979.  2953.5 2824.  2759.5 2756.5 2689.  2649.5
 2678.  2666.5 2700.5 2588.  2613.  2506.  2545.5 2523.  2486.5 2523.
 2413.5 2419.  2408.  2416.  2453.  2422.  2371.  2239.  2315.  2320.5
 2270.  2264.5 2242.  2202.5 2261.5 2292.5 2292.5 2278.5 2281.  2222.
 2191.  2166.  2222.  2318.  2230.5 2284.  2301.  2281.  2306.5 2346.
 2408.  2393.5 2337.5 2444.5 2458.5 2936.5 2981.5 2891.5 2810.  2917.
 3015.5 2872.  2880.5 2886.  2830.  2824.  2821.5 2720.  4960. ]' for dtype 'int64'
2026-04-29 18:03:01,976 WARNING vcp_scanner.scanner \u2014 Failed on 012210 (삼미금속): Invalid value '[2.5000e+01 1.9075e+03 1.5000e+00 1.9535e+03 5.3655e+03 2.0195e+03
 6.0310e+03 0.0000e+00 0.0000e+00 0.0000e+00 0.0000e+00 0.0000e+00
 0.0000e+00 0.0000e+00 0.0000e+00 0.0000e+00 0.0000e+00 0.0000e+00
 0.0000e+00 0.0000e+00 0.0000e+00 0.0000e+00]' for dtype 'int64'
2026-04-30 15:59:02,291 WARNING vcp_scanner.scanner \u2014 Failed on 472850 (폰드그룹): Invalid value '[1662.5 1617.5 1651.  1597.5 1555.5 1617.5 1595.  1625.5 1611.5 1510.5
 1510.5 1493.5 1479.5 1521.5 1552.5 1595.  1595.  1699.  1707.5 1690.5
 1679.  1676.5 1687.5 1679.  1685.  1696.  1713.  1670.5 1704.5 1783.5
 1870.5 1963.5 1912.5 1865.  1884.5 1918.5 1997.  1957.5 1971.5 2008.5
 2166.  2219.5 2180.  2202.5 2396.5 2478.  2571.  2506.  2461.  2340.5
 2334.5 2728.5 2635.5 2602.  3156.  3128.  3322.  3246.  3206.5 3235.
 3232.  3288.5 3280.  3240.5 3398.  3432.  3367.  3339.  3173.  3251.5
 3513.5 3432.  3460.  3375.5 3510.5 3198.5 3204.  3319.  2973.  2959.
 2936.5 2908.5 2875.  2891.5 2824.  3111.  3012.5 2959.  2773.5 2810.
 2846.5 2931.  3046.5 3173.  3004.  2942.5 2953.5 3010.  2931.  2844.
 2756.5 2739.5 2818.5 2725.5 2692.  2655.5 2706.  2683.5 2630.  2709.
 2784.5 2891.5 2939.5 2956.5 3012.5 2979.  3029.5 3001.5 3122.5 3066.
 2979.  2981.5 2979.  2953.5 2824.  2759.5 2756.5 2689.  2649.5 2678.
 2666.5 2700.5 2588.  2613.  2506.  2545.5 2523.  2486.5 2523.  2413.5
 2419.  2408.  2416.  2453.  2422.  2371.  2239.  2315.  2320.5 2270.
 2264.5 2242.  2202.5 2261.5 2292.5 2292.5 2278.5 2281.  2222.  2191.
 2166.  2222.  2318.  2230.5 2284.  2301.  2281.  2306.5 2346.  2408.
 2393.5 2337.5 2444.5 2458.5 2936.5 2981.5 2891.5 2810.  2917.  3015.5
 2872.  2880.5 2886.  2830.  2824.  2821.5 2720.  4960. ]' for dtype 'int64'
2026-04-30 15:59:37,359 WARNING vcp_scanner.scanner \u2014 Failed on 012210 (삼미금속): Invalid value '[1.9075e+03 1.5000e+00 1.9535e+03 5.3655e+03 2.0195e+03 6.0310e+03
 0.0000e+00 0.0000e+00 0.0000e+00 0.0000e+00 0.0000e+00 0.0000e+00
 0.0000e+00 0.0000e+00 0.0000e+00 0.0000e+00 0.0000e+00 0.0000e+00
 0.0000e+00 0.0000e+00 0.0000e+00]' for dtype 'int64'
2026-04-30 16:10:03,892 WARNING vcp_scanner.scanner \u2014 Failed on 057680 (티사이언티픽): Invalid value '[  23740.8   22057.4   51130.8   64484.    30628.4   14277.4   38225.
   46772.6   57732.    50325.    22537.4   44840.6   31416.4   36770.4
   18416.8   28249.    41103.2   31453.    35009.6   17887.2  103167.8
   14638.    28178.2   85491.2   18327.2   13796.    20621.4   20362.4
   18778.4  158798.2   34054.6   53955.6   61255.4   45916.2   40305.
   44758.2   19588.2   37084.    64379.8   21573.6   26541.6   12408.2
   12856.    13339.6   36730.2   16402.2   14194.4   13699.2   78254.4
  609543.6 3868431.6  589872.8 1285539.2 1519690.8  258564.2  248703.8
  149569.2 2804857.   472413.4  432668.   392261.   530047.2  351070.2
  101961.6  118511.2  784169.4  294795.4  937648.8  946865.4  295995.6
  235880.  1580233.   984000.4 1387876.8  637645.2  313174.6  231092.8
  191907.4  161445.4  153620.2  111302.6   98609.4   94070.4   40790.4
   41052.8   36560.4  160303.   141059.2  103412.8   37482.    24789.2
   62992.2   50102.2  106723.4   57533.    29987.   116099.2   59654.4
   49788.8   78592.4   37185.8   54830.8  103274.4   41980.2   45136.
   19067.2   37452.4   78258.8   38427.    83901.6  145028.2   66061.2
   68138.8   31562.    49842.4   32440.6  101590.2  165631.4   44799.2
   42798.6   76186.8  233009.6  162605.6  192983.   174987.6  279236.
  106409.6  353822.4  307075.   114649.4   70547.   130608.4   55680.
   69903.2   95103.6   66962.   119751.    47354.6   40155.    31769.2
   26087.    90431.4   80740.6   76098.4   39275.8   93074.8   19227.
   70791.    42571.4   67788.6   62250.2   34971.2   27607.6   42149.6
   18398.6   19118.8   28549.    12152.8   54167.    21260.    20498.
   51276.2   20284.2   55628.   198224.2   29700.2   22557.4   49061.8
   36990.6   43862.8   17733.6   19426.6   37946.    52296.4   59973.6
   26636.2   12524.8   19874.4   49560.   242297.4   33002.6   25237.2
   38833.2   12844.6   12348.4   60653.4   34364.8   24551.8   31562.6
   47262.2  134116.6   72692.4   34574.8   28557.4   45515.2   16257.8
   39426.8   27584.6   29386.    22151.8   38027.8   26409.8   70531.2
  115021.8  105118.    59264.6   58683.4   76033.4   46438.2   31523.8
   64865.8   50133.8   57510.6   47720.   222165.8  113550.4   33169.
   51853.   167004.8  104830.    35653.2   79637.2   70850.6   72032.6
   73363.2  120920.6   76817.   158038.6   74524.2   35713.2   93880.2
   39088.    54697.8   33417.    19767.    63226.2   81845.2   99970.6
   34119.    61152.8   43634.2  107893.    43480.4    6946.4   29423.4
   89353.6   19081.2   36576.6   32218.    14339.8   35315.2   22622.2
   51612.6  193906.6       0.        0.        0.        0.        0.
       0.        0.        0.        0.        0.        0.        0.
       0.        0. ]' for dtype 'int64'
2026-05-13 16:00:07,586 WARNING vcp_scanner.scanner \u2014 Failed on 472850 (폰드그룹): Invalid value '[1510.5 1510.5 1493.5 1479.5 1521.5 1552.5 1595.  1595.  1699.  1707.5
 1690.5 1679.  1676.5 1687.5 1679.  1685.  1696.  1713.  1670.5 1704.5
 1783.5 1870.5 1963.5 1912.5 1865.  1884.5 1918.5 1997.  1957.5 1971.5
 2008.5 2166.  2219.5 2180.  2202.5 2396.5 2478.  2571.  2506.  2461.
 2340.5 2334.5 2728.5 2635.5 2602.  3156.  3128.  3322.  3246.  3206.5
 3235.  3232.  3288.5 3280.  3240.5 3398.  3432.  3367.  3339.  3173.
 3251.5 3513.5 3432.  3460.  3375.5 3510.5 3198.5 3204.  3319.  2973.
 2959.  2936.5 2908.5 2875.  2891.5 2824.  3111.  3012.5 2959.  2773.5
 2810.  2846.5 2931.  3046.5 3173.  3004.  2942.5 2953.5 3010.  2931.
 2844.  2756.5 2739.5 2818.5 2725.5 2692.  2655.5 2706.  2683.5 2630.
 2709.  2784.5 2891.5 2939.5 2956.5 3012.5 2979.  3029.5 3001.5 3122.5
 3066.  2979.  2981.5 2979.  2953.5 2824.  2759.5 2756.5 2689.  2649.5
 2678.  2666.5 2700.5 2588.  2613.  2506.  2545.5 2523.  2486.5 2523.
 2413.5 2419.  2408.  2416.  2453.  2422.  2371.  2239.  2315.  2320.5
 2270.  2264.5 2242.  2202.5 2261.5 2292.5 2292.5 2278.5 2281.  2222.
 2191.  2166.  2222.  2318.  2230.5 2284.  2301.  2281.  2306.5 2346.
 2408.  2393.5 2337.5 2444.5 2458.5 2936.5 2981.5 2891.5 2810.  2917.
 3015.5 2872.  2880.5 2886.  2830.  2824.  2821.5 2720.  4960. ]' for dtype 'int64'
2026-05-13 16:11:20,375 WARNING vcp_scanner.scanner \u2014 Failed on 009310 (참엔지니어링): Invalid value '[3.1110400e+04 0.0000000e+00 0.0000000e+00 0.0000000e+00 0.0000000e+00
 0.0000000e+00 0.0000000e+00 0.0000000e+00 0.0000000e+00 0.0000000e+00
 0.0000000e+00 0.0000000e+00 0.0000000e+00 0.0000000e+00 0.0000000e+00
 0.0000000e+00 0.0000000e+00 0.0000000e+00 0.0000000e+00 0.0000000e+00
 1.2635960e+05 2.4155200e+04 1.2745800e+04 8.7664000e+03 1.1522400e+04
 6.6280000e+03 1.1269800e+04 1.0833600e+04 1.3560200e+04 1.9165600e+04
 2.3149800e+04 1.4354600e+04 1.4000200e+04 4.6586000e+03 2.7062000e+03
 1.6712000e+03 1.8923400e+04 1.1536400e+04 5.7452020e+05 8.0014400e+04
 1.2109000e+04 8.1324000e+03 7.3770000e+03 1.2044000e+04 1.0706800e+04
 1.1549600e+04 8.7834000e+03 2.1074000e+03 1.4039800e+04 3.8708000e+03
 7.4958000e+03 8.9850000e+03 3.9674000e+03 2.3184000e+03 1.5862000e+03
 3.9902000e+03 1.4013600e+04 5.4654000e+03 1.1740800e+04 1.9382000e+03
 1.2006000e+03 2.8956000e+03 2.2022000e+03 2.7264000e+03 2.4288000e+03
 2.4754000e+03 1.5754000e+03 1.7414000e+03 2.6238000e+03 3.6294000e+03
 4.0776000e+03 4.7004000e+03 4.1084760e+05 2.1086600e+04 8.8210000e+03
 5.6342000e+03 1.5756800e+04 1.7553600e+04 3.7888000e+03 7.2728000e+03
 8.8438000e+03 1.0473000e+04 5.7812000e+03 3.7180000e+03 1.3772000e+03
 2.2674000e+03 1.0876000e+03 1.7388000e+03 5.0804000e+03 1.6200000e+03
 2.8514000e+03 2.4958000e+03 1.0352000e+03 8.3364000e+03 1.0245400e+04
 1.8718000e+03 1.4674000e+03 3.1190640e+05 1.9072000e+04 5.3444000e+03
 7.9392000e+03 5.5164000e+03 8.0204000e+03 3.3444000e+03 2.1122000e+03
 2.8006000e+03 4.8560000e+03 3.4022000e+03 4.6738000e+03 3.5754000e+03
 4.8350000e+03 5.8634000e+03 6.6982000e+03 1.6768000e+03 3.4658000e+03
 1.2396400e+04 6.3894000e+03 1.2204800e+04 2.5291400e+04 1.1348800e+04
 6.0760000e+03 5.1134000e+03 6.2050600e+04 3.7900000e+03 3.5196000e+03
 7.7798000e+03 3.7208000e+03 4.0088000e+03 7.2276000e+03 3.4124000e+03
 2.1232000e+03 5.9016000e+03 4.3270000e+03 2.4746000e+03 3.7690000e+03
 3.7216000e+03 1.4554000e+03 2.2160000e+03 8.0124000e+03 5.1196000e+03
 1.1990000e+03 3.7930000e+03 4.2562000e+03 1.3835400e+04 3.7066000e+03
 4.0862000e+03 1.5984000e+03 3.1260000e+03 4.7350000e+03 4.5272000e+03
 6.4262000e+03 1.8670400e+04 6.5535180e+05 9.3103500e+05 1.8891140e+05
 1.9216590e+06 1.5201940e+05 5.1245200e+04 3.2072400e+04 7.3591600e+04
 2.6453400e+04 1.1860800e+04 1.2941600e+04 9.1040000e+03 1.4611920e+05
 1.4202800e+04 1.5459400e+04 4.1322000e+03 5.4430000e+03 1.0060600e+04
 7.2906000e+03 4.5956000e+03 7.1644000e+03 2.5300000e+03 4.6162000e+03
 8.8428000e+03 6.5346000e+03 5.7254000e+03 2.0876000e+03 4.9632000e+03
 5.9858000e+03 2.9482000e+03 1.7193600e+04 3.4188800e+04 1.2817600e+04
 9.5152000e+03 1.2417400e+04 3.0348000e+03 9.6446000e+03 1.0422600e+04
 3.0628740e+05 5.8710580e+05 1.1756620e+05 1.2509380e+05 4.0397000e+04
 2.3437000e+04 2.3192400e+04 1.0895600e+04 1.2150600e+04 8.7284000e+03
 1.5426600e+04 1.5364400e+04 2.1534800e+04 7.5778000e+03 1.5294800e+04
 1.4288000e+04 1.0427600e+04 1.2787800e+04 1.5803400e+04 4.2620200e+04
 3.1398800e+04 2.2969800e+04 1.7929400e+04 1.6963600e+04 5.4655360e+05
 3.0857786e+06 1.7805944e+06 4.6408820e+05 1.3604600e+05 1.3557900e+05
 8.7253400e+04 3.2984800e+04 5.2185800e+04 4.1742000e+04 0.0000000e+00
 0.0000000e+00 0.0000000e+00 0.0000000e+00 0.0000000e+00 0.0000000e+00
 0.0000000e+00 0.0000000e+00 0.0000000e+00 0.0000000e+00 0.0000000e+00
 0.0000000e+00 0.0000000e+00 0.0000000e+00 0.0000000e+00 0.0000000e+00
 0.0000000e+00 0.0000000e+00 0.0000000e+00 0.0000000e+00 0.0000000e+00
 0.0000000e+00 0.0000000e+00 0.0000000e+00 0.0000000e+00 0.0000000e+00
 0.0000000e+00 0.0000000e+00 0.0000000e+00 0.0000000e+00 0.0000000e+00
 0.0000000e+00 0.0000000e+00 0.0000000e+00 0.0000000e+00 0.0000000e+00
 0.0000000e+00 0.0000000e+00 0.0000000e+00 0.0000000e+00]' for dtype 'int64'
2026-05-14 16:54:13,285 WARNING vcp_scanner.scanner \u2014 Failed on 472850 (폰드그룹): Invalid value '[1510.5 1493.5 1479.5 1521.5 1552.5 1595.  1595.  1699.  1707.5 1690.5
 1679.  1676.5 1687.5 1679.  1685.  1696.  1713.  1670.5 1704.5 1783.5
 1870.5 1963.5 1912.5 1865.  1884.5 1918.5 1997.  1957.5 1971.5 2008.5
 2166.  2219.5 2180.  2202.5 2396.5 2478.  2571.  2506.  2461.  2340.5
 2334.5 2728.5 2635.5 2602.  3156.  3128.  3322.  3246.  3206.5 3235.
 3232.  3288.5 3280.  3240.5 3398.  3432.  3367.  3339.  3173.  3251.5
 3513.5 3432.  3460.  3375.5 3510.5 3198.5 3204.  3319.  2973.  2959.
 2936.5 2908.5 2875.  2891.5 2824.  3111.  3012.5 2959.  2773.5 2810.
 2846.5 2931.  3046.5 3173.  3004.  2942.5 2953.5 3010.  2931.  2844.
 2756.5 2739.5 2818.5 2725.5 2692.  2655.5 2706.  2683.5 2630.  2709.
 2784.5 2891.5 2939.5 2956.5 3012.5 2979.  3029.5 3001.5 3122.5 3066.
 2979.  2981.5 2979.  2953.5 2824.  2759.5 2756.5 2689.  2649.5 2678.
 2666.5 2700.5 2588.  2613.  2506.  2545.5 2523.  2486.5 2523.  2413.5
 2419.  2408.  2416.  2453.  2422.  2371.  2239.  2315.  2320.5 2270.
 2264.5 2242.  2202.5 2261.5 2292.5 2292.5 2278.5 2281.  2222.  2191.
 2166.  2222.  2318.  2230.5 2284.  2301.  2281.  2306.5 2346.  2408.
 2393.5 2337.5 2444.5 2458.5 2936.5 2981.5 2891.5 2810.  2917.  3015.5
 2872.  2880.5 2886.  2830.  2824.  2821.5 2720.  4960. ]' for dtype 'int64'
2026-05-14 17:08:49,304 WARNING vcp_scanner.scanner \u2014 Failed on 009310 (참엔지니어링): Invalid value '[0.0000000e+00 0.0000000e+00 0.0000000e+00 0.0000000e+00 0.0000000e+00
 0.0000000e+00 0.0000000e+00 0.0000000e+00 0.0000000e+00 0.0000000e+00
 0.0000000e+00 0.0000000e+00 0.0000000e+00 0.0000000e+00 0.0000000e+00
 0.0000000e+00 0.0000000e+00 0.0000000e+00 0.0000000e+00 1.2635960e+05
 2.4155200e+04 1.2745800e+04 8.7664000e+03 1.1522400e+04 6.6280000e+03
 1.1269800e+04 1.0833600e+04 1.3560200e+04 1.9165600e+04 2.3149800e+04
 1.4354600e+04 1.4000200e+04 4.6586000e+03 2.7062000e+03 1.6712000e+03
 1.8923400e+04 1.1536400e+04 5.7452020e+05 8.0014400e+04 1.2109000e+04
 8.1324000e+03 7.3770000e+03 1.2044000e+04 1.0706800e+04 1.1549600e+04
 8.7834000e+03 2.1074000e+03 1.4039800e+04 3.8708000e+03 7.4958000e+03
 8.9850000e+03 3.9674000e+03 2.3184000e+03 1.5862000e+03 3.9902000e+03
 1.4013600e+04 5.4654000e+03 1.1740800e+04 1.9382000e+03 1.2006000e+03
 2.8956000e+03 2.2022000e+03 2.7264000e+03 2.4288000e+03 2.4754000e+03
 1.5754000e+03 1.7414000e+03 2.6238000e+03 3.6294000e+03 4.0776000e+03
 4.7004000e+03 4.1084760e+05 2.1086600e+04 8.8210000e+03 5.6342000e+03
 1.5756800e+04 1.7553600e+04 3.7888000e+03 7.2728000e+03 8.8438000e+03
 1.0473000e+04 5.7812000e+03 3.7180000e+03 1.3772000e+03 2.2674000e+03
 1.0876000e+03 1.7388000e+03 5.0804000e+03 1.6200000e+03 2.8514000e+03
 2.4958000e+03 1.0352000e+03 8.3364000e+03 1.0245400e+04 1.8718000e+03
 1.4674000e+03 3.1190640e+05 1.9072000e+04 5.3444000e+03 7.9392000e+03
 5.5164000e+03 8.0204000e+03 3.3444000e+03 2.1122000e+03 2.8006000e+03
 4.8560000e+03 3.4022000e+03 4.6738000e+03 3.5754000e+03 4.8350000e+03
 5.8634000e+03 6.6982000e+03 1.6768000e+03 3.4658000e+03 1.2396400e+04
 6.3894000e+03 1.2204800e+04 2.5291400e+04 1.1348800e+04 6.0760000e+03
 5.1134000e+03 6.2050600e+04 3.7900000e+03 3.5196000e+03 7.7798000e+03
 3.7208000e+03 4.0088000e+03 7.2276000e+03 3.4124000e+03 2.1232000e+03
 5.9016000e+03 4.3270000e+03 2.4746000e+03 3.7690000e+03 3.7216000e+03
 1.4554000e+03 2.2160000e+03 8.0124000e+03 5.1196000e+03 1.1990000e+03
 3.7930000e+03 4.2562000e+03 1.3835400e+04 3.7066000e+03 4.0862000e+03
 1.5984000e+03 3.1260000e+03 4.7350000e+03 4.5272000e+03 6.4262000e+03
 1.8670400e+04 6.5535180e+05 9.3103500e+05 1.8891140e+05 1.9216590e+06
 1.5201940e+05 5.1245200e+04 3.2072400e+04 7.3591600e+04 2.6453400e+04
 1.1860800e+04 1.2941600e+04 9.1040000e+03 1.4611920e+05 1.4202800e+04
 1.5459400e+04 4.1322000e+03 5.4430000e+03 1.0060600e+04 7.2906000e+03
 4.5956000e+03 7.1644000e+03 2.5300000e+03 4.6162000e+03 8.8428000e+03
 6.5346000e+03 5.7254000e+03 2.0876000e+03 4.9632000e+03 5.9858000e+03
 2.9482000e+03 1.7193600e+04 3.4188800e+04 1.2817600e+04 9.5152000e+03
 1.2417400e+04 3.0348000e+03 9.6446000e+03 1.0422600e+04 3.0628740e+05
 5.8710580e+05 1.1756620e+05 1.2509380e+05 4.0397000e+04 2.3437000e+04
 2.3192400e+04 1.0895600e+04 1.2150600e+04 8.7284000e+03 1.5426600e+04
 1.5364400e+04 2.1534800e+04 7.5778000e+03 1.5294800e+04 1.4288000e+04
 1.0427600e+04 1.2787800e+04 1.5803400e+04 4.2620200e+04 3.1398800e+04
 2.2969800e+04 1.7929400e+04 1.6963600e+04 5.4655360e+05 3.0857786e+06
 1.7805944e+06 4.6408820e+05 1.3604600e+05 1.3557900e+05 8.7253400e+04
 3.2984800e+04 5.2185800e+04 4.1742000e+04 0.0000000e+00 0.0000000e+00
 0.0000000e+00 0.0000000e+00 0.0000000e+00 0.0000000e+00 0.0000000e+00
 0.0000000e+00 0.0000000e+00 0.0000000e+00 0.0000000e+00 0.0000000e+00
 0.0000000e+00 0.0000000e+00 0.0000000e+00 0.0000000e+00 0.0000000e+00
 0.0000000e+00 0.0000000e+00 0.0000000e+00 0.0000000e+00 0.0000000e+00
 0.0000000e+00 0.0000000e+00 0.0000000e+00 0.0000000e+00 0.0000000e+00
 0.0000000e+00 0.0000000e+00 0.0000000e+00 0.0000000e+00 0.0000000e+00
 0.0000000e+00 0.0000000e+00 0.0000000e+00 0.0000000e+00 0.0000000e+00
 0.0000000e+00 0.0000000e+00 0.0000000e+00]' for dtype 'int64'
